<?xml version="1.0" encoding="UTF-8"?>
<testsuites name="jest tests" tests="27" failures="0" errors="0" time="4.663">
  <testsuite name="SettingsLayout Component" errors="0" failures="0" skipped="0" timestamp="2026-08-31T10:18:56" time="1.548" tests="1">
    <testcase classname="SettingsLayout Component should be defined and export a React component" name="SettingsLayout Component should be defined and export a React component" time="0.002">
    </testcase>
  </testsuite>
  <testsuite name="extension index.ts comprehensive test suite" errors="0" failures="0" skipped="0" timestamp="2026-08-31T10:18:56" time="2.231" tests="21">
    <testcase classname="extension index.ts comprehensive test suite 1. Plugin metadata and initial activation sequence should have correct plugin properties" name="extension index.ts comprehensive test suite 1. Plugin metadata and initial activation sequence should have correct plugin properties" time="0.002">
    </testcase>
    <testcase classname="extension index.ts comprehensive test suite 1. Plugin metadata and initial activation sequence should attach DataprocLoggingService and register notebook widget extension" name="extension index.ts comprehensive test suite 1. Plugin metadata and initial activation sequence should attach DataprocLoggingService and register notebook widget extension" time="0.042">
    </testcase>
    <testcase classname="extension index.ts comprehensive test suite 1. Plugin metadata and initial activation sequence should handle window beforeunload event by removing notebookValue from localStorage" name="extension index.ts comprehensive test suite 1. Plugin metadata and initial activation sequence should handle window beforeunload event by removing notebookValue from localStorage" time="0.002">
    </testcase>
    <testcase classname="extension index.ts comprehensive test suite 2. Side panels initialization and theme switching should initialize BigQuery and DPMS side panels when enabled in settings" name="extension index.ts comprehensive test suite 2. Side panels initialization and theme switching should initialize BigQuery and DPMS side panels when enabled in settings" time="0.002">
    </testcase>
    <testcase classname="extension index.ts comprehensive test suite 2. Side panels initialization and theme switching should update side panel icons on theme change" name="extension index.ts comprehensive test suite 2. Side panels initialization and theme switching should update side panel icons on theme change" time="0.001">
    </testcase>
    <testcase classname="extension index.ts comprehensive test suite 3. Event emitter signal handlers should respond to dataprocConfigChange signal" name="extension index.ts comprehensive test suite 3. Event emitter signal handlers should respond to dataprocConfigChange signal" time="0.002">
    </testcase>
    <testcase classname="extension index.ts comprehensive test suite 4. Resource Manager and JupyterLab version checks should notify error if resource manager API returns error" name="extension index.ts comprehensive test suite 4. Resource Manager and JupyterLab version checks should notify error if resource manager API returns error" time="0.001">
    </testcase>
    <testcase classname="extension index.ts comprehensive test suite 5. Component Commands Registration &amp; Execution should register and execute create-runtime-template-component command" name="extension index.ts comprehensive test suite 5. Component Commands Registration &amp; Execution should register and execute create-runtime-template-component command" time="0.003">
    </testcase>
    <testcase classname="extension index.ts comprehensive test suite 5. Component Commands Registration &amp; Execution should register and execute create-runtime-profile-component command" name="extension index.ts comprehensive test suite 5. Component Commands Registration &amp; Execution should register and execute create-runtime-profile-component command" time="0.004">
    </testcase>
    <testcase classname="extension index.ts comprehensive test suite 5. Component Commands Registration &amp; Execution should register and execute create-cluster-component command" name="extension index.ts comprehensive test suite 5. Component Commands Registration &amp; Execution should register and execute create-cluster-component command" time="0.002">
    </testcase>
    <testcase classname="extension index.ts comprehensive test suite 5. Component Commands Registration &amp; Execution should register and execute create-batches-component command" name="extension index.ts comprehensive test suite 5. Component Commands Registration &amp; Execution should register and execute create-batches-component command" time="0.002">
    </testcase>
    <testcase classname="extension index.ts comprehensive test suite 5. Component Commands Registration &amp; Execution should register and execute create-template-component command" name="extension index.ts comprehensive test suite 5. Component Commands Registration &amp; Execution should register and execute create-template-component command" time="0.001">
    </testcase>
    <testcase classname="extension index.ts comprehensive test suite 5. Component Commands Registration &amp; Execution should register and execute cloud-dataproc-settings:configure command" name="extension index.ts comprehensive test suite 5. Component Commands Registration &amp; Execution should register and execute cloud-dataproc-settings:configure command" time="0.001">
    </testcase>
    <testcase classname="extension index.ts comprehensive test suite 5. Component Commands Registration &amp; Execution should register and execute create-bigquery-notebook-component command" name="extension index.ts comprehensive test suite 5. Component Commands Registration &amp; Execution should register and execute create-bigquery-notebook-component command" time="0.001">
    </testcase>
    <testcase classname="extension index.ts comprehensive test suite 5. Component Commands Registration &amp; Execution should filter icon when isPalette is true on commands with icon functions" name="extension index.ts comprehensive test suite 5. Component Commands Registration &amp; Execution should filter icon when isPalette is true on commands with icon functions" time="0.001">
    </testcase>
    <testcase classname="extension index.ts comprehensive test suite 6. Launcher Items &amp; Dynamic Kernels should add BigQuery Notebooks launcher entry when bigquery is enabled" name="extension index.ts comprehensive test suite 6. Launcher Items &amp; Dynamic Kernels should add BigQuery Notebooks launcher entry when bigquery is enabled" time="0.001">
    </testcase>
    <testcase classname="extension index.ts comprehensive test suite 6. Launcher Items &amp; Dynamic Kernels should add serverless and cluster notebook kernel commands to launcher" name="extension index.ts comprehensive test suite 6. Launcher Items &amp; Dynamic Kernels should add serverless and cluster notebook kernel commands to launcher" time="0.001">
    </testcase>
    <testcase classname="extension index.ts comprehensive test suite 6. Launcher Items &amp; Dynamic Kernels should add static commands to launcher with correct categories and ranks" name="extension index.ts comprehensive test suite 6. Launcher Items &amp; Dynamic Kernels should add static commands to launcher with correct categories and ranks" time="0.001">
    </testcase>
    <testcase classname="extension index.ts comprehensive test suite 6. Launcher Items &amp; Dynamic Kernels should add create-runtime-template-component to launcher when runtime profile is disabled" name="extension index.ts comprehensive test suite 6. Launcher Items &amp; Dynamic Kernels should add create-runtime-template-component to launcher when runtime profile is disabled" time="0.001">
    </testcase>
    <testcase classname="extension index.ts comprehensive test suite 6. Launcher Items &amp; Dynamic Kernels should execute apputils:notify on extension load" name="extension index.ts comprehensive test suite 6. Launcher Items &amp; Dynamic Kernels should execute apputils:notify on extension load" time="0">
    </testcase>
    <testcase classname="extension index.ts comprehensive test suite 7. LabShell currentChanged and titleChanged lifecycle should handle tab switches and title changes for NotebookPanel" name="extension index.ts comprehensive test suite 7. LabShell currentChanged and titleChanged lifecycle should handle tab switches and title changes for NotebookPanel" time="0.002">
    </testcase>
  </testsuite>
  <testsuite name="CreateRuntimeProfile Component &amp; Service" errors="0" failures="0" skipped="0" timestamp="2026-08-31T10:18:56" time="3.847" tests="5">
    <testcase classname="CreateRuntimeProfile Component &amp; Service should export CreateRuntimeProfileComponent, CreateRuntimeProfile, and RuntimeProfileService" name="CreateRuntimeProfile Component &amp; Service should export CreateRuntimeProfileComponent, CreateRuntimeProfile, and RuntimeProfileService" time="0.002">
    </testcase>
    <testcase classname="CreateRuntimeProfile Component &amp; Service should ensure instance isolation for in-memory profiles across different service instances" name="CreateRuntimeProfile Component &amp; Service should ensure instance isolation for in-memory profiles across different service instances" time="0.602">
    </testcase>
    <testcase classname="CreateRuntimeProfile Component &amp; Service should load regions from service" name="CreateRuntimeProfile Component &amp; Service should load regions from service" time="0">
    </testcase>
    <testcase classname="CreateRuntimeProfile Component &amp; Service should allow creating, getting, listing, and deleting a profile in mock mode" name="CreateRuntimeProfile Component &amp; Service should allow creating, getting, listing, and deleting a profile in mock mode" time="0.604">
    </testcase>
    <testcase classname="CreateRuntimeProfile Component &amp; Service should throw error when getting a non-existent profile in mock mode" name="CreateRuntimeProfile Component &amp; Service should throw error when getting a non-existent profile in mock mode" time="0.023">
    </testcase>
  </testsuite>
</testsuites>